Loading rPELMO
Testing rPELMO
✔ | OK F W S | Context
⠏ |  0       | Create PELMO runs from psm files and execute them⠋ |  1       | Create PELMO runs from psm files and execute them⠙ |  2       | Create PELMO runs from psm files and execute them⠹ |  3       | Create PELMO runs from psm files and execute them⠸ |  4       | Create PELMO runs from psm files and execute them⠼ |  5       | Create PELMO runs from psm files and execute them⠴ |  6       | Create PELMO runs from psm files and execute them⠦ |  7       | Create PELMO runs from psm files and execute them⠧ |  8       | Create PELMO runs from psm files and execute them⠇ |  9       | Create PELMO runs from psm files and execute them⠏ | 10       | Create PELMO runs from psm files and execute them⠋ | 11       | Create PELMO runs from psm files and execute them⠙ | 12       | Create PELMO runs from psm files and execute them⠹ | 13       | Create PELMO runs from psm files and execute them⠸ | 14       | Create PELMO runs from psm files and execute them⠼ | 15       | Create PELMO runs from psm files and execute them⠴ | 16       | Create PELMO runs from psm files and execute them⠦ | 17       | Create PELMO runs from psm files and execute them⠧ | 18       | Create PELMO runs from psm files and execute them⠇ | 19       | Create PELMO runs from psm files and execute them⠏ | 20       | Create PELMO runs from psm files and execute them⠋ | 21       | Create PELMO runs from psm files and execute them⠙ | 22       | Create PELMO runs from psm files and execute them⠹ | 23       | Create PELMO runs from psm files and execute them⠸ | 24       | Create PELMO runs from psm files and execute them⠼ | 25       | Create PELMO runs from psm files and execute them⠴ | 26       | Create PELMO runs from psm files and execute them⠦ | 27       | Create PELMO runs from psm files and execute them⠧ | 28       | Create PELMO runs from psm files and execute them⠇ | 29       | Create PELMO runs from psm files and execute them⠏ | 30       | Create PELMO runs from psm files and execute them⠋ | 31       | Create PELMO runs from psm files and execute them⠙ | 32       | Create PELMO runs from psm files and execute them⠹ | 33       | Create PELMO runs from psm files and execute them⠸ | 34       | Create PELMO runs from psm files and execute them⠼ | 35       | Create PELMO runs from psm files and execute them⠴ | 36       | Create PELMO runs from psm files and execute them⠦ | 37       | Create PELMO runs from psm files and execute them⠧ | 38       | Create PELMO runs from psm files and execute them⠇ | 39       | Create PELMO runs from psm files and execute them⠏ | 40       | Create PELMO runs from psm files and execute them⠋ | 41       | Create PELMO runs from psm files and execute them⠙ | 42       | Create PELMO runs from psm files and execute them⠹ | 43       | Create PELMO runs from psm files and execute them⠸ | 44       | Create PELMO runs from psm files and execute them⠼ | 45       | Create PELMO runs from psm files and execute them⠴ | 46       | Create PELMO runs from psm files and execute them⠦ | 47       | Create PELMO runs from psm files and execute them⠧ | 48       | Create PELMO runs from psm files and execute them⠇ | 49       | Create PELMO runs from psm files and execute them⠏ | 50       | Create PELMO runs from psm files and execute them⠋ | 51       | Create PELMO runs from psm files and execute them⠙ | 52       | Create PELMO runs from psm files and execute them⠹ | 53       | Create PELMO runs from psm files and execute them⠸ | 54       | Create PELMO runs from psm files and execute them⠼ | 55       | Create PELMO runs from psm files and execute them⠴ | 56       | Create PELMO runs from psm files and execute them⠦ | 57       | Create PELMO runs from psm files and execute them⠧ | 58       | Create PELMO runs from psm files and execute them⠇ | 59       | Create PELMO runs from psm files and execute them⠏ | 60       | Create PELMO runs from psm files and execute them⠋ | 61       | Create PELMO runs from psm files and execute them⠙ | 62       | Create PELMO runs from psm files and execute them⠹ | 63       | Create PELMO runs from psm files and execute them⠸ | 64       | Create PELMO runs from psm files and execute them⠼ | 65       | Create PELMO runs from psm files and execute them⠴ | 66       | Create PELMO runs from psm files and execute them⠦ | 67       | Create PELMO runs from psm files and execute them⠧ | 68       | Create PELMO runs from psm files and execute them⠇ | 69       | Create PELMO runs from psm files and execute them⠏ | 70       | Create PELMO runs from psm files and execute them⠋ | 71       | Create PELMO runs from psm files and execute them⠙ | 72       | Create PELMO runs from psm files and execute them⠹ | 73       | Create PELMO runs from psm files and execute them⠸ | 74       | Create PELMO runs from psm files and execute them⠼ | 75       | Create PELMO runs from psm files and execute them⠴ | 76       | Create PELMO runs from psm files and execute them⠦ | 77       | Create PELMO runs from psm files and execute them⠧ | 78       | Create PELMO runs from psm files and execute them⠇ | 79       | Create PELMO runs from psm files and execute them⠏ | 80       | Create PELMO runs from psm files and execute them⠋ | 81       | Create PELMO runs from psm files and execute them⠙ | 82       | Create PELMO runs from psm files and execute them⠹ | 83       | Create PELMO runs from psm files and execute them⠸ | 84       | Create PELMO runs from psm files and execute them⠼ | 85       | Create PELMO runs from psm files and execute them⠴ | 86       | Create PELMO runs from psm files and execute them⠦ | 87       | Create PELMO runs from psm files and execute them⠧ | 88       | Create PELMO runs from psm files and execute them⠇ | 89       | Create PELMO runs from psm files and execute them⠏ | 90       | Create PELMO runs from psm files and execute them⠋ | 91       | Create PELMO runs from psm files and execute them⠙ | 92       | Create PELMO runs from psm files and execute them⠹ | 93       | Create PELMO runs from psm files and execute them⠸ | 94       | Create PELMO runs from psm files and execute them⠼ | 95       | Create PELMO runs from psm files and execute them⠴ | 96       | Create PELMO runs from psm files and execute them⠦ | 97       | Create PELMO runs from psm files and execute them⠧ | 98       | Create PELMO runs from psm files and execute them⠇ | 99       | Create PELMO runs from psm files and execute them⠏ | 100       | Create PELMO runs from psm files and execute them⠋ | 101       | Create PELMO runs from psm files and execute them⠙ | 102       | Create PELMO runs from psm files and execute them⠹ | 103       | Create PELMO runs from psm files and execute them⠸ | 104       | Create PELMO runs from psm files and execute them⠼ | 105       | Create PELMO runs from psm files and execute them⠴ | 106       | Create PELMO runs from psm files and execute them⠦ | 107       | Create PELMO runs from psm files and execute them⠧ | 108       | Create PELMO runs from psm files and execute them⠇ | 109       | Create PELMO runs from psm files and execute them⠏ | 110       | Create PELMO runs from psm files and execute them⠋ | 111       | Create PELMO runs from psm files and execute them⠙ | 112       | Create PELMO runs from psm files and execute them⠹ | 113       | Create PELMO runs from psm files and execute them⠸ | 114       | Create PELMO runs from psm files and execute them⠼ | 115       | Create PELMO runs from psm files and execute them⠴ | 116       | Create PELMO runs from psm files and execute them⠦ | 117       | Create PELMO runs from psm files and execute them⠧ | 118       | Create PELMO runs from psm files and execute them⠇ | 119       | Create PELMO runs from psm files and execute them⠏ | 120       | Create PELMO runs from psm files and execute them⠋ | 121       | Create PELMO runs from psm files and execute them⠙ | 122       | Create PELMO runs from psm files and execute them⠹ | 123       | Create PELMO runs from psm files and execute them⠸ | 124       | Create PELMO runs from psm files and execute them⠼ | 125       | Create PELMO runs from psm files and execute them⠴ | 126       | Create PELMO runs from psm files and execute them⠦ | 127       | Create PELMO runs from psm files and execute them⠧ | 128       | Create PELMO runs from psm files and execute them⠇ | 129       | Create PELMO runs from psm files and execute them⠏ | 130       | Create PELMO runs from psm files and execute them⠋ | 131       | Create PELMO runs from psm files and execute them⠙ | 132       | Create PELMO runs from psm files and execute them⠹ | 133       | Create PELMO runs from psm files and execute them⠸ | 134       | Create PELMO runs from psm files and execute them⠼ | 135       | Create PELMO runs from psm files and execute them⠴ | 136       | Create PELMO runs from psm files and execute them⠦ | 137       | Create PELMO runs from psm files and execute them⠧ | 138       | Create PELMO runs from psm files and execute them⠇ | 139       | Create PELMO runs from psm files and execute them⠏ | 140       | Create PELMO runs from psm files and execute them⠋ | 141       | Create PELMO runs from psm files and execute them⠙ | 142       | Create PELMO runs from psm files and execute them⠹ | 143       | Create PELMO runs from psm files and execute them⠸ | 144       | Create PELMO runs from psm files and execute them⠼ | 145       | Create PELMO runs from psm files and execute them⠴ | 146       | Create PELMO runs from psm files and execute them⠦ | 147       | Create PELMO runs from psm files and execute them⠧ | 148       | Create PELMO runs from psm files and execute them⠇ | 149       | Create PELMO runs from psm files and execute them⠏ | 150       | Create PELMO runs from psm files and execute them⠋ | 151       | Create PELMO runs from psm files and execute them⠙ | 152       | Create PELMO runs from psm files and execute them⠹ | 153       | Create PELMO runs from psm files and execute them⠸ | 154       | Create PELMO runs from psm files and execute them⠼ | 155       | Create PELMO runs from psm files and execute them⠴ | 156       | Create PELMO runs from psm files and execute them⠦ | 157       | Create PELMO runs from psm files and execute them⠧ | 158       | Create PELMO runs from psm files and execute them⠇ | 159       | Create PELMO runs from psm files and execute them⠏ | 160       | Create PELMO runs from psm files and execute them⠋ | 161       | Create PELMO runs from psm files and execute them⠙ | 162       | Create PELMO runs from psm files and execute them⠹ | 163       | Create PELMO runs from psm files and execute them⠸ | 164       | Create PELMO runs from psm files and execute them⠼ | 165       | Create PELMO runs from psm files and execute them⠴ | 166       | Create PELMO runs from psm files and execute them⠦ | 167       | Create PELMO runs from psm files and execute them⠧ | 168       | Create PELMO runs from psm files and execute them⠇ | 169       | Create PELMO runs from psm files and execute them⠏ | 170       | Create PELMO runs from psm files and execute them⠋ | 171       | Create PELMO runs from psm files and execute them⠙ | 172       | Create PELMO runs from psm files and execute them⠹ | 173       | Create PELMO runs from psm files and execute them⠸ | 174       | Create PELMO runs from psm files and execute them⠼ | 175       | Create PELMO runs from psm files and execute them⠴ | 176       | Create PELMO runs from psm files and execute them⠦ | 177       | Create PELMO runs from psm files and execute them⠧ | 178       | Create PELMO runs from psm files and execute them⠇ | 179       | Create PELMO runs from psm files and execute them⠏ | 180       | Create PELMO runs from psm files and execute them⠋ | 181       | Create PELMO runs from psm files and execute them⠙ | 182       | Create PELMO runs from psm files and execute them⠹ | 183       | Create PELMO runs from psm files and execute them⠸ | 184       | Create PELMO runs from psm files and execute them⠼ | 185       | Create PELMO runs from psm files and execute them⠴ | 186       | Create PELMO runs from psm files and execute them⠦ | 187       | Create PELMO runs from psm files and execute them⠧ | 188       | Create PELMO runs from psm files and execute them⠇ | 189       | Create PELMO runs from psm files and execute them⠏ | 190       | Create PELMO runs from psm files and execute them⠋ | 191       | Create PELMO runs from psm files and execute them⠙ | 192       | Create PELMO runs from psm files and execute them⠹ | 193       | Create PELMO runs from psm files and execute them⠸ | 194       | Create PELMO runs from psm files and execute them⠼ | 195       | Create PELMO runs from psm files and execute them⠴ | 196       | Create PELMO runs from psm files and execute them⠦ | 197       | Create PELMO runs from psm files and execute them⠧ | 198       | Create PELMO runs from psm files and execute them⠇ | 199       | Create PELMO runs from psm files and execute them⠏ | 200       | Create PELMO runs from psm files and execute them⠋ | 201       | Create PELMO runs from psm files and execute them⠙ | 202       | Create PELMO runs from psm files and execute them⠹ | 203       | Create PELMO runs from psm files and execute them⠸ | 204       | Create PELMO runs from psm files and execute them⠼ | 205       | Create PELMO runs from psm files and execute them⠴ | 206       | Create PELMO runs from psm files and execute them⠦ | 207       | Create PELMO runs from psm files and execute them⠧ | 208       | Create PELMO runs from psm files and execute them⠇ | 209       | Create PELMO runs from psm files and execute them⠏ | 210       | Create PELMO runs from psm files and execute them⠋ | 211       | Create PELMO runs from psm files and execute them⠙ | 212       | Create PELMO runs from psm files and execute them⠹ | 213       | Create PELMO runs from psm files and execute them⠸ | 214       | Create PELMO runs from psm files and execute them⠼ | 215       | Create PELMO runs from psm files and execute them⠴ | 216       | Create PELMO runs from psm files and execute them⠦ | 217       | Create PELMO runs from psm files and execute them⠧ | 218       | Create PELMO runs from psm files and execute them⠇ | 219       | Create PELMO runs from psm files and execute them✔ | 219       | Create PELMO runs from psm files and execute them [48.3 s]

══ Results ═════════════════════════════════════════════════════════════════════
Duration: 48.3 s

OK:       219
Failed:   0
Warnings: 0
Skipped:  0
